LabVIEWCLI started logging in file:  /tmp/lvtemporary_109497.log
Using LabVIEW: "/usr/local/natinst/LabVIEW-2026-64/labviewprofull"
LabVIEW launched successfully.
Connection established with LabVIEW at port number 3363.

Operation output: 
#### Starting Mass Compile: Fri, Aug 21, 2026 02:17:08 PM
  Directory: "/workspace"
/workspace/.github/labview/PrintToSingleFileHtml/PrintToSingleFileHtml.lvclass (PrintToSingleFileHtml.lvclass)
    - The class expected to be at "/workspace/.github/labview/CoreOperation/CoreOperation.lvclass" was loaded from "/usr/local/natinst/share/nilvcli/Operations/CoreOperation/CoreOperation.lvclass".
Search failed to find "LV AI Core.lvlib:XML generator.vi" previously from "/workspace/.github/labview/toimages/_ni/labview/lvctl/vis/LV AI Core/XML generator.vi"  +=+   Caller: "VI to XML.vi"
  ### Bad VI:    "VI to XML.vi"	Path="/workspace/.github/labview/toimages/_ni/labview/lvctl/vis/VI to XML.vi" 
Search failed to find "LV AI Core.lvlib:VI generator.vi" previously from "/workspace/.github/labview/toimages/_ni/labview/lvctl/vis/LV AI Core/VI generator.vi"  +=+   Caller: "XML to VI.vi"
  ### Bad VI:    "XML to VI.vi"	Path="/workspace/.github/labview/toimages/_ni/labview/lvctl/vis/XML to VI.vi" 
Search failed to find "niRFSG Configure De-embedding Table Interpolation (Linear).vi" previously from "/<instrlib>/niRFSG/niRFSG.llb/niRFSG Configure De-embedding Table Interpolation (Linear).vi"  +=+   Caller: "Deembedding RFSG.vi"
Search failed to find "niRFSG Create De-embedding S-parameter Table (S2P file).vi" previously from "/<instrlib>/niRFSG/niRFSG.llb/niRFSG Create De-embedding S-parameter Table (S2P file).vi"  +=+   Caller: "Deembedding RFSG.vi"
Search failed to find "niRFSG Configure De-embedding Table Interpolation.vi" previously from "/<instrlib>/niRFSG/niRFSG.llb/niRFSG Configure De-embedding Table Interpolation.vi"  +=+   Caller: "Deembedding RFSG.vi"
Search failed to find "niRFSG Initialize.vi" previously from "/<instrlib>/niRFSG/niRFSG.llb/niRFSG Initialize.vi"  +=+   Caller: "Deembedding RFSG.vi"
Search failed to find "niRFSG Create De-embedding S-parameter Table.vi" previously from "/<instrlib>/niRFSG/niRFSG.llb/niRFSG Create De-embedding S-parameter Table.vi"  +=+   Caller: "Deembedding RFSG.vi"
  ### Bad VI:    "Deembedding RFSG.vi"	Path="/workspace/source/Framework/FPT Shared VIs/De-embedding/Deembedding RFSG.vi" 
Search failed to find "RFmxInstr Configure External Attenuation Interpolation (Nearest).vi" previously from "/<vilib>/RFmx/RFInstr/mx/RFmxInstr.llb/RFmxInstr Configure External Attenuation Interpolation (Nearest).vi"  +=+   Caller: "Deembedding RFmx.vi"
Search failed to find "RFmxInstr Configure External Attenuation Interpolation.vi" previously from "/<vilib>/RFmx/RFInstr/mx/RFmxInstr.llb/RFmxInstr Configure External Attenuation Interpolation.vi"  +=+   Caller: "Deembedding RFmx.vi"
Search failed to find "RFmxPulse Configure External Attenuation.vi" previously from "/<vilib>/RFmx/Pulse/mx/RFmxPulse.llb/RFmxPulse Configure External Attenuation.vi"  +=+   Caller: "Deembedding RFmx.vi"
Search failed to find "RFmxInstr Initialize NIRFSA.vi" previously from "/<vilib>/RFmx/RFInstr/mx/RFmxInstr.llb/RFmxInstr Initialize NIRFSA.vi"  +=+   Caller: "Deembedding RFmx.vi"
Search failed to find "RFmxInstr Delete External Attenuation Table.vi" previously from "/<vilib>/RFmx/RFInstr/mx/RFmxInstr.llb/RFmxInstr Delete External Attenuation Table.vi"  +=+   Caller: "Deembedding RFmx.vi"
Search failed to find "RFmxInstr Load S-parameter External Attenuation Table from S2P File.vi" previously from "/<vilib>/RFmx/RFInstr/mx/RFmxInstr.llb/RFmxInstr Load S-parameter External Attenuation Table from S2P File.vi"  +=+   Caller: "Deembedding RFmx.vi"
Search failed to find "RFmxInstr Enable Calibration Plane.vi" previously from "/<vilib>/RFmx/RFInstr/mx/RFmxInstr.llb/RFmxInstr Enable Calibration Plane.vi"  +=+   Caller: "Deembedding RFmx.vi"
Search failed to find "RFmxSpecAn Configure External Attenuation.vi" previously from "/<vilib>/RFmx/SpecAn/mx/RFmxSpecAn.llb/RFmxSpecAn Configure External Attenuation.vi"  +=+   Caller: "Deembedding RFmx.vi"
Search failed to find "RFmxInstr Build Port String.vi" previously from "/<vilib>/RFmx/RFInstr/mx/RFmxInstr.llb/RFmxInstr Build Port String.vi"  +=+   Caller: "Deembedding RFmx.vi"
  ### Bad VI:    "Deembedding RFmx.vi"	Path="/workspace/source/Framework/FPT Shared VIs/De-embedding/Deembedding RFmx.vi" 
Search failed to find "niRFSG Exported Signal Destinations.ctl" previously from "/<instrlib>/niRFSG/niRFSG.llb/niRFSG Exported Signal Destinations.ctl"  +=+   Caller: "RFSG Pulsed Data.vi"
Search failed to find "niRFSG Signal Identifiers.ctl" previously from "/<instrlib>/niRFSG/niRFSG.llb/niRFSG Signal Identifiers.ctl"  +=+   Caller: "RFSG Pulsed Data.vi"
Search failed to find "niRFSG Signal Names.ctl" previously from "/<instrlib>/niRFSG/niRFSG.llb/niRFSG Signal Names.ctl"  +=+   Caller: "RFSG Pulsed Data.vi"
Search failed to find "niRFSG Export Signal.vi" previously from "/<instrlib>/niRFSG/niRFSG.llb/niRFSG Export Signal.vi"  +=+   Caller: "RFSG Pulsed Data.vi"
Search failed to find "niRFSG Configure Power Level Type.vi" previously from "/<instrlib>/niRFSG/niRFSG.llb/niRFSG Configure Power Level Type.vi"  +=+   Caller: "RFSG Pulsed Data.vi"
Search failed to find "niRFSG Configure Signal Bandwidth.vi" previously from "/<instrlib>/niRFSG/niRFSG.llb/niRFSG Configure Signal Bandwidth.vi"  +=+   Caller: "RFSG Pulsed Data.vi"
Search failed to find "rfsg_Create Pulsed Data.vi" previously from "/<instrlib>/niRFSG/niRFSGExamplesSupport.llb/rfsg_Create Pulsed Data.vi"  +=+   Caller: "RFSG Pulsed Data.vi"
Search failed to find "niRFSG Configure Output Enabled.vi" previously from "/<instrlib>/niRFSG/niRFSG.llb/niRFSG Configure Output Enabled.vi"  +=+   Caller: "RFSG Pulsed Data.vi"
Search failed to find "niRFSG Write Arb Waveform (I-Q).vi" previously from "/<instrlib>/niRFSG/niRFSG.llb/niRFSG Write Arb Waveform (I-Q).vi"  +=+   Caller: "RFSG Pulsed Data.vi"
Search failed to find "niRFSG Write Script.vi" previously from "/<instrlib>/niRFSG/niRFSG.llb/niRFSG Write Script.vi"  +=+   Caller: "RFSG Pulsed Data.vi"
Search failed to find "niRFSG Write Arb Waveform.vi" previously from "/<instrlib>/niRFSG/niRFSG.llb/niRFSG Write Arb Waveform.vi"  +=+   Caller: "RFSG Pulsed Data.vi"
Search failed to find "niRFSG Configure Generation Mode.vi" previously from "/<instrlib>/niRFSG/niRFSG.llb/niRFSG Configure Generation Mode.vi"  +=+   Caller: "RFSG Pulsed Data.vi"
Search failed to find "niRFSG Initiate.vi" previously from "/<instrlib>/niRFSG/niRFSG.llb/niRFSG Initiate.vi"  +=+   Caller: "RFSG Pulsed Data.vi"
Search failed to find "niRFSG Configure RF.vi" previously from "/<instrlib>/niRFSG/niRFSG.llb/niRFSG Configure RF.vi"  +=+   Caller: "RFSG Pulsed Data.vi"
Search failed to find "niRFSG Check Generation Status.vi" previously from "/<instrlib>/niRFSG/niRFSG.llb/niRFSG Check Generation Status.vi"  +=+   Caller: "RFSG Pulsed Data.vi"
Search failed to find "niRFSG Close.vi" previously from "/<instrlib>/niRFSG/niRFSG.llb/niRFSG Close.vi"  +=+   Caller: "RFSG Pulsed Data.vi"
  ### Bad VI:    "RFSG Pulsed Data.vi"	Path="/workspace/source/Framework/FPT Shared VIs/Debug and Tools/RFSG Pulsed Data.vi" 
Search failed to find "niSwitch Disconnect All Channels.vi" previously from "/<instrlib>/niSwitch/niSwitch.llb/niSwitch Disconnect All Channels.vi"  +=+   Caller: "Disconnect All Switches.vi"
Search failed to find "niSwitch Close.vi" previously from "/<instrlib>/niSwitch/niSwitch.llb/niSwitch Close.vi"  +=+   Caller: "Disconnect All Switches.vi"
Search failed to find "niSwitch Initialize With Topology.vi" previously from "/<instrlib>/niSwitch/niSwitch.llb/niSwitch Initialize With Topology.vi"  +=+   Caller: "Disconnect All Switches.vi"
  ### Bad VI:    "Disconnect All Switches.vi"	Path="/workspace/source/Framework/FPT Shared VIs/Power Sequencing/Disconnect All Switches.vi" 
Search failed to find "niDCPower Attach gRPC session.vi" previously from "/<instrlib>/niDCPower/nidcpower.llb/niDCPower Attach gRPC session.vi"  +=+   Caller: "Power Off Dut.vi"
Search failed to find "niDCPower gRPC Device Server.ctl" previously from "/<instrlib>/niDCPower/nidcpower.llb/niDCPower gRPC Device Server.ctl"  +=+   Caller: "Power Off Dut.vi"
Search failed to find "niDCPower Configure Output Enabled.vi" previously from "/<instrlib>/niDCPower/nidcpower.llb/niDCPower Configure Output Enabled.vi"  +=+   Caller: "Power Off Dut.vi"
Search failed to find "niDCPower Reset With Channels.vi" previously from "/<instrlib>/niDCPower/nidcpower.llb/niDCPower Reset With Channels.vi"  +=+   Caller: "Power Off Dut.vi"
Search failed to find "niDCPower Close.vi" previously from "/<instrlib>/niDCPower/nidcpower.llb/niDCPower Close.vi"  +=+   Caller: "Power Off Dut.vi"
Search failed to find "niDCPower Initiate With Channels.vi" previously from "/<instrlib>/niDCPower/nidcpower.llb/niDCPower Initiate With Channels.vi"  +=+   Caller: "Power Off Dut.vi"
Search failed to find "niDCPower Abort With Channels.vi" previously from "/<instrlib>/niDCPower/nidcpower.llb/niDCPower Abort With Channels.vi"  +=+   Caller: "Power Off Dut.vi"
Search failed to find "niDCPower Configure Voltage Level.vi" previously from "/<instrlib>/niDCPower/nidcpower.llb/niDCPower Configure Voltage Level.vi"  +=+   Caller: "Power Off Dut.vi"
  ### Bad VI:    "Power Off Dut.vi"	Path="/workspace/source/Framework/FPT Shared VIs/Power Sequencing/Power Off Dut.vi" 
Search failed to find "NI Measurement Plug-In SDK.lvlib:Measure Call Context.lvclass" previously from "/usr/local/natinst/LabVIEW-2026-64/vi.lib/Plug-In SDKs/Measurements/Measure Call Context/Measure Call Context.lvclass"  +=+   Caller: "Power On Dut.vi"
Search failed to find "NI Measurement Plug-In SDK.lvlib:Measure Call Context.lvclass:Is Canceled.vi" previously from "/<vilib>/Plug-In SDKs/Measurements/Measure Call Context/Accessor/Is Canceled.vi"  +=+   Caller: "Power On Dut.vi"
Search failed to find "niDCPower Detach gRPC session.vi" previously from "/<instrlib>/niDCPower/nidcpower.llb/niDCPower Detach gRPC session.vi"  +=+   Caller: "Power On Dut.vi"
Search failed to find "niDCPower Initialize With Independent Channels for gRPC session.vi" previously from "/<instrlib>/niDCPower/nidcpower.llb/niDCPower Initialize With Independent Channels for gRPC session.vi"  +=+   Caller: "Power On Dut.vi"
Search failed to find "niDCPower Configure Voltage Level Range.vi" previously from "/<instrlib>/niDCPower/nidcpower.llb/niDCPower Configure Voltage Level Range.vi"  +=+   Caller: "Power On Dut.vi"
Search failed to find "niDCPower Configure Current Limit.vi" previously from "/<instrlib>/niDCPower/nidcpower.llb/niDCPower Configure Current Limit.vi"  +=+   Caller: "Power On Dut.vi"
Search failed to find "niDCPower Configure Current Limit Range.vi" previously from "/<instrlib>/niDCPower/nidcpower.llb/niDCPower Configure Current Limit Range.vi"  +=+   Caller: "Power On Dut.vi"
Search failed to find "niDCPower Configure Source Mode With Channels.vi" previously from "/<instrlib>/niDCPower/nidcpower.llb/niDCPower Configure Source Mode With Channels.vi"  +=+   Caller: "Power On Dut.vi"
Search failed to find "niDCPower Configure Output Function.vi" previously from "/<instrlib>/niDCPower/nidcpower.llb/niDCPower Configure Output Function.vi"  +=+   Caller: "Power On Dut.vi"
Search failed to find "niDCPower Output Function.ctl" previously from "/<instrlib>/niDCPower/nidcpower.llb/niDCPower Output Function.ctl"  +=+   Caller: "Power On Dut.vi"
Search failed to find "niDCPower Source Mode.ctl" previously from "/<instrlib>/niDCPower/nidcpower.llb/niDCPower Source Mode.ctl"  +=+   Caller: "Power On Dut.vi"
  ### Bad VI:    "Power On Dut.vi"	Path="/workspace/source/Framework/FPT Shared VIs/Power Sequencing/Power On Dut.vi" 
Search failed to find "niSwitch Path Capability.ctl" previously from "/<instrlib>/niSwitch/niSwitch.llb/niSwitch Path Capability.ctl"  +=+   Caller: "Set Switching.vi"
Search failed to find "niSwitch Connect Channels (Single).vi" previously from "/<instrlib>/niSwitch/niSwitch.llb/niSwitch Connect Channels (Single).vi"  +=+   Caller: "Set Switching.vi"
Search failed to find "niSwitch Connect Channels.vi" previously from "/<instrlib>/niSwitch/niSwitch.llb/niSwitch Connect Channels.vi"  +=+   Caller: "Set Switching.vi"
Search failed to find "niSwitch Can Connect Channels.vi" previously from "/<instrlib>/niSwitch/niSwitch.llb/niSwitch Can Connect Channels.vi"  +=+   Caller: "Set Switching.vi"
  ### Bad VI:    "Set Switching.vi"	Path="/workspace/source/Framework/FPT Shared VIs/Power Sequencing/Set Switching.vi" 
Search failed to find "NI Measurement Plug-In SDK.lvlib:Measurement Plugin Service.lvclass" previously from "/<vilib>/Plug-In SDKs/Measurements/Measurement Plugin Service/Measurement Plugin Service.lvclass"  +=+   Caller: "FPT Framework.lvclass"
Search failed to find "NI Measurement Plug-In SDK.lvlib:Post-Build Action.vi" previously from "/<vilib>/Plug-In SDKs/Measurements/Build Assets/Post-Build Action.vi"  +=+   Caller: "FPT Framework.lvclass:Post-Build Action.vi"
Search failed to find "NI Measurement Plug-In SDK.lvlib:Measurement Plugin Service.lvclass:Plugin Paths.ctl" previously from "/<vilib>/Plug-In SDKs/Measurements/Measurement Plugin Service/Plugin Paths.ctl"  +=+   Caller: "FPT Framework.lvclass:Get Plugin Paths.vi"
Search failed to find "grpc-lvsupport-release.lvlib:Any.ctl" previously from "/<vilib>/gRPC/LabVIEW gRPC Library/Shared/Any.ctl"  +=+   Caller: "FPT Framework.lvclass:Pack for gRPC.vi"
Search failed to find "NI Measurement Plug-In SDK.lvlib:Measurement Plugin Service.lvclass:Get gRPC ID.vi" previously from "/<vilib>/Plug-In SDKs/Measurements/Measurement Plugin Service/Accessors/Get gRPC ID.vi"  +=+   Caller: "FPT Framework.lvclass:Pack for gRPC.vi"
Search failed to find "grpc-lvsupport-release.lvlib:PackToAny.vim" previously from "/<vilib>/gRPC/LabVIEW gRPC Library/Server API/Message Requests/PackToAny.vim"  +=+   Caller: "FPT Framework.lvclass:Pack for gRPC.vi:Instance:2eca732d-dbaa-43bf-a7dd-ede2da65bc1b.vi"
Search failed to find "grpc-lvsupport-release.lvlib:grpcId.ctl" previously from "/<vilib>/gRPC/LabVIEW gRPC Library/Shared/grpcId.ctl"  +=+   Caller: "FPT Framework.lvclass:Pack for gRPC.vi:Instance:2eca732d-dbaa-43bf-a7dd-ede2da65bc1b.vi"
Search failed to find "grpc-lvsupport-release.lvlib:Translate Protobuf Error.vi" previously from "/<vilib>/gRPC/LabVIEW gRPC Library/Server API/Translate Protobuf Error.vi"  +=+   Caller: "FPT Framework.lvclass:Pack for gRPC.vi:Instance:2eca732d-dbaa-43bf-a7dd-ede2da65bc1b.vi"
Search failed to find "grpc-lvsupport-release.lvlib:Get Server DLL Path.vi" previously from "/<vilib>/gRPC/LabVIEW gRPC Library/Server API/Server/Get Server DLL Path.vi"  +=+   Caller: "FPT Framework.lvclass:Pack for gRPC.vi:Instance:2eca732d-dbaa-43bf-a7dd-ede2da65bc1b.vi"
Search failed to find "grpc-lvsupport-release.lvlib:UnpackFromAny.vim" previously from "/<vilib>/gRPC/LabVIEW gRPC Library/Server API/Message Requests/UnpackFromAny.vim"  +=+   Caller: "FPT Framework.lvclass:Unpack for gRPC.vi:Instance:a521b266-ce99-437c-923d-067dcf1e07fd.vi"
Search failed to find "NI Measurement Plug-In SDK.lvlib:Service Descriptor.ctl" previously from "/<vilib>/Plug-In SDKs/Measurements/Helpers/TypeDefs/Service Descriptor.ctl"  +=+   Caller: "FPT Framework.lvclass:Get Service Descriptor.vi"
Search failed to find "NI Measurement Plug-In SDK.lvlib:Create Basic Measurement Annotations.vi" previously from "/<vilib>/Plug-In SDKs/Measurements/Helpers/Create Basic Measurement Annotations.vi"  +=+   Caller: "FPT Framework.lvclass:Get Service Descriptor.vi"
Search failed to find "NI Measurement Plug-In SDK.lvlib:Measurement Details.ctl" previously from "/<vilib>/Plug-In SDKs/Measurements/Helpers/TypeDefs/Measurement Details.ctl"  +=+   Caller: "FPT Framework.lvclass:Get Service Descriptor.vi"
Search failed to find "NI Measurement Plug-In SDK.lvlib:Parameter Type Specialization.ctl" previously from "/<vilib>/Plug-In SDKs/Measurements/Helpers/TypeDefs/Parameter Type Specialization.ctl"  +=+   Caller: "FPT Framework.lvclass:Get Type Specializations.vi"
Search failed to find "NI Measurement Plug-In SDK.lvlib:User Interface Information.ctl" previously from "/<vilib>/Plug-In SDKs/Measurements/Helpers/TypeDefs/User Interface Information.ctl"  +=+   Caller: "FPT Framework.lvclass:Get User Interface Information.vi"
Search failed to find "NI Measurement Plug-In SDK.lvlib:Run Service.vi" previously from "/<vilib>/Plug-In SDKs/Measurements/Run Service.vi"  +=+   Caller: "FPT Framework.lvclass:Run Service.vi"
Search failed to find "Measure Call Context.lvclass" previously from "/usr/local/natinst/LabVIEW-2026-64/vi.lib/Plug-In SDKs/Measurements/Measure Call Context/Measure Call Context.lvclass"
  ### Bad VI:    "Compression_Simulation.vi"	Path="/workspace/source/Framework/MeasurementPlugin Framework/FPT Framework/Measurement/Compression_Simulation.vi" 
  ### Bad VI:    "FPT Framework.lvclass:Post-Build Action.vi"	Path="/workspace/source/Framework/MeasurementPlugin Framework/FPT Framework/Build Assets/Post-Build Action.vi" 
  ### Bad VI:    "Compression_Simulation.vi"	Path="/workspace/source/Framework/MeasurementPlugin Framework/FPT Framework/Measurement/Compression_Simulation.vi" 
  ### Bad subVI: "FPT Framework.lvclass:Configuration Parse.vi"	Path="/workspace/source/Framework/MeasurementPlugin Framework/FPT Framework/SubVIs/Configuration Parse.vi" 
  ### Bad VI:    "FPT Framework.lvclass:Wait Until Cancelled or Complete.vi"	Path="/workspace/source/Framework/MeasurementPlugin Framework/FPT Framework/Wait Until Cancelled or Complete.vi" 
  ### Bad subVI: "FPT Framework.lvclass:Signal Measurement Complete.vi"	Path="/workspace/source/Framework/MeasurementPlugin Framework/FPT Framework/Signal Measurement Complete.vi" 
  ### Bad VI:    "FPT Framework.lvclass:Measurement Logic.vi"	Path="/workspace/source/Framework/MeasurementPlugin Framework/FPT Framework/Measurement Logic.vi" 
  ### Bad VI:    "FPT Framework.lvclass:Get Plugin Paths.vi"	Path="/workspace/source/Framework/MeasurementPlugin Framework/FPT Framework/Get Plugin Paths.vi" 
  ### Bad VI:    "FPT Framework.lvclass:Measure.vi"	Path="/workspace/source/Framework/MeasurementPlugin Framework/FPT Framework/Measure.vi" 
  ### Bad VI:    "FPT Framework.lvclass:Pack for gRPC.vi"	Path="/workspace/source/Framework/MeasurementPlugin Framework/FPT Framework/Pack for gRPC.vi" 
  ### Bad VI:    "FPT Framework.lvclass:Unpack for gRPC.vi"	Path="/workspace/source/Framework/MeasurementPlugin Framework/FPT Framework/Unpack for gRPC.vi" 
  ### Bad VI:    "FPT Framework.lvclass:Get Service Descriptor.vi"	Path="/workspace/source/Framework/MeasurementPlugin Framework/FPT Framework/Get Service Descriptor.vi" 
  ### Bad VI:    "FPT Framework.lvclass:Get Type Specializations.vi"	Path="/workspace/source/Framework/MeasurementPlugin Framework/FPT Framework/Get Type Specializations.vi" 
  ### Bad VI:    "FPT Framework.lvclass:Get User Interface Information.vi"	Path="/workspace/source/Framework/MeasurementPlugin Framework/FPT Framework/Get User Interface Information.vi" 
  ### Bad VI:    "FPT Framework.lvclass:Run Service.vi"	Path="/workspace/source/Framework/MeasurementPlugin Framework/FPT Framework/Run Service.vi" 
Failed to load (/workspace/source/Framework/MeasurementPlugin Framework/FPT Framework/BuiltUI/FPT Framework UI.lvlibp)
CompileFile: error 74 at /workspace/source/Framework/MeasurementPlugin Framework/FPT Framework/BuiltUI/FPT Framework UI.lvlibp
#### Finished Mass Compile: Fri, Aug 21, 2026 02:17:18 PM

MassCompile operation failed.

